  about.cpp
  equation.cpp
  functions.cpp
  graph.cpp
D:\Documents\ВУЗ\Программирование\РГР 2 Сем\graph.cpp(42,18): warning C4244: инициализация: преобразование "double" в "int", возможна потеря данных
D:\Documents\ВУЗ\Программирование\РГР 2 Сем\graph.cpp(52,18): warning C4244: инициализация: преобразование "double" в "int", возможна потеря данных
D:\Documents\ВУЗ\Программирование\РГР 2 Сем\graph.cpp(70,33): warning C4244: =: преобразование "double" в "LONG", возможна потеря данных
D:\Documents\ВУЗ\Программирование\РГР 2 Сем\graph.cpp(71,33): warning C4244: =: преобразование "double" в "LONG", возможна потеря данных
D:\Documents\ВУЗ\Программирование\РГР 2 Сем\graph.cpp(73,33): warning C4244: =: преобразование "double" в "LONG", возможна потеря данных
D:\Documents\ВУЗ\Программирование\РГР 2 Сем\graph.cpp(74,33): warning C4244: =: преобразование "double" в "LONG", возможна потеря данных
  integral.cpp
  intro.cpp
D:\Documents\ВУЗ\Программирование\РГР 2 Сем\intro.cpp(45,32): warning C4244: инициализация: преобразование "double" в "float", возможна потеря данных
D:\Documents\ВУЗ\Программирование\РГР 2 Сем\intro.cpp(46,26): warning C4244: инициализация: преобразование "float" в "int", возможна потеря данных
D:\Documents\ВУЗ\Программирование\РГР 2 Сем\intro.cpp(48,19): warning C4244: инициализация: преобразование "float" в "int", возможна потеря данных
D:\Documents\ВУЗ\Программирование\РГР 2 Сем\intro.cpp(49,19): warning C4244: инициализация: преобразование "float" в "int", возможна потеря данных
D:\Documents\ВУЗ\Программирование\РГР 2 Сем\intro.cpp(51,22): warning C4244: инициализация: преобразование "float" в "int", возможна потеря данных
  main.cpp
  menu.cpp
  table.cpp
  Создание кода...
  РГР 2 Сем.vcxproj -> D:\Documents\ВУЗ\Программирование\РГР 2 Сем\x64\Debug\РГР 2 Сем.exe
