  about.cpp
C:\Users\tony_\OneDrive\Документы\vuz\Программирование\РГР\about.cpp(35,53): warning C4267: аргумент: преобразование из "size_t" в "int"; возможна потеря данных
C:\Users\tony_\OneDrive\Документы\vuz\Программирование\РГР\about.cpp(50,85): warning C4267: аргумент: преобразование из "size_t" в "int"; возможна потеря данных
  graph.cpp
C:\Users\tony_\OneDrive\Документы\vuz\Программирование\РГР\graph.cpp(68,80): warning C4267: аргумент: преобразование из "size_t" в "int"; возможна потеря данных
C:\Users\tony_\OneDrive\Документы\vuz\Программирование\РГР\graph.cpp(85,87): warning C4267: аргумент: преобразование из "size_t" в "int"; возможна потеря данных
  intro.cpp
C:\Users\tony_\OneDrive\Документы\vuz\Программирование\РГР\intro.cpp(45,20): warning C4267: инициализация: преобразование из "size_t" в "int"; возможна потеря данных
C:\Users\tony_\OneDrive\Документы\vuz\Программирование\РГР\intro.cpp(46,19): warning C4267: инициализация: преобразование из "size_t" в "int"; возможна потеря данных
  main.cpp
  main_menu.cpp
C:\Users\tony_\OneDrive\Документы\vuz\Программирование\РГР\main_menu.cpp(37,16): warning C4267: инициализация: преобразование из "size_t" в "int"; возможна потеря данных
C:\Users\tony_\OneDrive\Документы\vuz\Программирование\РГР\main_menu.cpp(41,20): warning C4267: инициализация: преобразование из "size_t" в "int"; возможна потеря данных
C:\Users\tony_\OneDrive\Документы\vuz\Программирование\РГР\main_menu.cpp(55,22): warning C4267: аргумент: преобразование из "size_t" в "int"; возможна потеря данных
C:\Users\tony_\OneDrive\Документы\vuz\Программирование\РГР\main_menu.cpp(79,68): warning C4267: =: преобразование из "size_t" в "int"; возможна потеря данных
  table.cpp
C:\Users\tony_\OneDrive\Документы\vuz\Программирование\РГР\table.cpp(76,19): warning C4267: инициализация: преобразование из "size_t" в "int"; возможна потеря данных
C:\Users\tony_\OneDrive\Документы\vuz\Программирование\РГР\table.cpp(91,19): warning C4267: инициализация: преобразование из "size_t" в "int"; возможна потеря данных
  Создание кода...
MSVCRTD.lib(exe_main.obj) : error LNK2019: ссылка на неразрешенный внешний символ main в функции "int __cdecl invoke_main(void)" (?invoke_main@@YAHXZ).
C:\Users\tony_\OneDrive\Документы\vuz\Программирование\РГР\x64\Debug\РГР.exe : fatal error LNK1120: неразрешенных внешних элементов: 1
