  main.cpp
  module13_1.cpp
  module13_2.cpp
  module13_3.cpp
  program10_1.cpp
  program10_2.cpp
  program11_1.cpp
  program11_2.cpp
  program12_1.cpp
  program12_2.cpp
  program12_3.cpp
D:\Documents\ВУЗ\Программирование\Лабораторные работы 2 сем КОД\program12_3.cpp(52,15): warning C4244: аргумент: преобразование "time_t" в "unsigned int", возможна потеря данных
  program13_1.cpp
  program13_2.cpp
D:\Documents\ВУЗ\Программирование\Лабораторные работы 2 сем КОД\program13_2.cpp(14,15): warning C4244: аргумент: преобразование "time_t" в "unsigned int", возможна потеря данных
  program13_3.cpp
D:\Documents\ВУЗ\Программирование\Лабораторные работы 2 сем КОД\program13_3.cpp(19,15): warning C4244: аргумент: преобразование "time_t" в "unsigned int", возможна потеря данных
  program14_1.cpp
  program14_2.cpp
D:\Documents\ВУЗ\Программирование\Лабораторные работы 2 сем КОД\program14_2.cpp(28,18): warning C4267: инициализация: преобразование из "size_t" в "int"; возможна потеря данных
  Создание кода...
  LINK : не найден или не выполнена сборка D:\Documents\ВУЗ\Программирование\Лабораторные работы 2 сем КОД\x64\Debug\Лабораторные работы.exe при последней инкрементной компоновке; выполняется полная компоновка
  Лабораторные работы.vcxproj -> D:\Documents\ВУЗ\Программирование\Лабораторные работы 2 сем КОД\x64\Debug\Лабораторные работы.exe
